// Jest Snapshot v1, https://goo.gl/fbAQLP

exports[`Player renders correctly 1`] = `
<div>
  <div
    class="player"
  >
    <video
      class="player__video"
      poster="https://i.picsum.photos/id/604/248/152.jpg?hmac=Yu4rnPqlL8pPa8b7cdPSosfFApQXtQmy56BW52elqto"
      src="https://upload.wikimedia.org/wikipedia/commons/transcoded/b/b3/Big_Buck_Bunny_Trailer_400p.ogv/Big_Buck_Bunny_Trailer_400p.ogv.360p.webm"
    />
    <a
      href="/films/6"
    >
      <button
        class="player__exit"
        type="button"
      >
        Exit
      </button>
    </a>
    <div
      class="player__controls"
    >
      <div
        class="player__controls-row"
      >
        <div
          class="player__time"
        >
          <progress
            class="player__progress"
            max="100"
            value="0"
          />
          <div
            class="player__toggler"
            style="left: 0%;"
          >
            Toggler
          </div>
        </div>
        <div
          class="player__time-value"
        />
      </div>
      <div
        class="player__controls-row"
      >
        <button
          class="player__play"
          type="button"
        >
          <svg
            height="19"
            viewBox="0 0 19 19"
            width="19"
          >
            <use
              xlink:href="#play-s"
            />
          </svg>
          <span>
            Play
          </span>
        </button>
        <div
          class="player__name"
        >
          The Exorcist
        </div>
        <button
          class="player__full-screen"
          data-testid="full-screen_btn"
          type="button"
        >
          <svg
            height="27"
            viewBox="0 0 27 27"
            width="27"
          >
            <use
              xlink:href="#full-screen"
            />
          </svg>
          <span>
            Full screen
          </span>
        </button>
      </div>
    </div>
  </div>
</div>
`;
